// Jest Snapshot v1, https://goo.gl/fbAQLP

exports[`yml function \`create\` method should create YML 1`] = `
XMLElement {
  "attributes": Object {},
  "children": Array [
    XMLElement {
      "attributes": Object {},
      "children": Array [
        XMLText {
          "children": Array [],
          "options": Object {
            "encoding": "UTF-8",
            "version": "1.0",
            "writer": XMLStringWriter {
              "allowEmpty": false,
              "dontprettytextnodes": 0,
              "indent": "",
              "newline": "",
              "newlinedefault": "",
              "offset": 0,
              "pretty": false,
              "prettydefault": false,
              "spacebeforeslash": "",
            },
          },
          "parent": [Circular],
          "stringify": XMLStringifier {
            "assertLegalChar": [Function],
            "noDoubleEncoding": undefined,
          },
          "value": "BestSeller",
        },
      ],
      "name": "name",
      "options": Object {
        "encoding": "UTF-8",
        "version": "1.0",
        "writer": XMLStringWriter {
          "allowEmpty": false,
          "dontprettytextnodes": 0,
          "indent": "",
          "newline": "",
          "newlinedefault": "",
          "offset": 0,
          "pretty": false,
          "prettydefault": false,
          "spacebeforeslash": "",
        },
      },
      "parent": [Circular],
      "stringify": XMLStringifier {
        "assertLegalChar": [Function],
        "noDoubleEncoding": undefined,
      },
    },
  ],
  "name": "shop",
  "options": Object {
    "encoding": "UTF-8",
    "version": "1.0",
    "writer": XMLStringWriter {
      "allowEmpty": false,
      "dontprettytextnodes": 0,
      "indent": "",
      "newline": "",
      "newlinedefault": "",
      "offset": 0,
      "pretty": false,
      "prettydefault": false,
      "spacebeforeslash": "",
    },
  },
  "parent": XMLElement {
    "attributes": Object {
      "date": XMLAttribute {
        "name": "date",
        "options": Object {
          "encoding": "UTF-8",
          "version": "1.0",
          "writer": XMLStringWriter {
            "allowEmpty": false,
            "dontprettytextnodes": 0,
            "indent": "",
            "newline": "",
            "newlinedefault": "",
            "offset": 0,
            "pretty": false,
            "prettydefault": false,
            "spacebeforeslash": "",
          },
        },
        "stringify": XMLStringifier {
          "assertLegalChar": [Function],
          "noDoubleEncoding": undefined,
        },
        "value": "2017-09-07 00:00",
      },
    },
    "children": Array [
      [Circular],
    ],
    "documentObject": XMLDocument {
      "children": Array [
        XMLDeclaration {
          "children": Array [],
          "encoding": "UTF-8",
          "options": Object {
            "encoding": "UTF-8",
            "version": "1.0",
            "writer": XMLStringWriter {
              "allowEmpty": false,
              "dontprettytextnodes": 0,
              "indent": "",
              "newline": "",
              "newlinedefault": "",
              "offset": 0,
              "pretty": false,
              "prettydefault": false,
              "spacebeforeslash": "",
            },
          },
          "parent": [Circular],
          "stringify": XMLStringifier {
            "assertLegalChar": [Function],
            "noDoubleEncoding": undefined,
          },
          "version": "1.0",
        },
        [Circular],
      ],
      "isDocument": true,
      "options": Object {
        "encoding": "UTF-8",
        "version": "1.0",
        "writer": XMLStringWriter {
          "allowEmpty": false,
          "dontprettytextnodes": 0,
          "indent": "",
          "newline": "",
          "newlinedefault": "",
          "offset": 0,
          "pretty": false,
          "prettydefault": false,
          "spacebeforeslash": "",
        },
      },
      "parent": null,
      "rootObject": [Circular],
      "stringify": XMLStringifier {
        "assertLegalChar": [Function],
        "noDoubleEncoding": undefined,
      },
    },
    "isRoot": true,
    "name": "yml_catalog",
    "options": Object {
      "encoding": "UTF-8",
      "version": "1.0",
      "writer": XMLStringWriter {
        "allowEmpty": false,
        "dontprettytextnodes": 0,
        "indent": "",
        "newline": "",
        "newlinedefault": "",
        "offset": 0,
        "pretty": false,
        "prettydefault": false,
        "spacebeforeslash": "",
      },
    },
    "parent": XMLDocument {
      "children": Array [
        XMLDeclaration {
          "children": Array [],
          "encoding": "UTF-8",
          "options": Object {
            "encoding": "UTF-8",
            "version": "1.0",
            "writer": XMLStringWriter {
              "allowEmpty": false,
              "dontprettytextnodes": 0,
              "indent": "",
              "newline": "",
              "newlinedefault": "",
              "offset": 0,
              "pretty": false,
              "prettydefault": false,
              "spacebeforeslash": "",
            },
          },
          "parent": [Circular],
          "stringify": XMLStringifier {
            "assertLegalChar": [Function],
            "noDoubleEncoding": undefined,
          },
          "version": "1.0",
        },
        [Circular],
      ],
      "isDocument": true,
      "options": Object {
        "encoding": "UTF-8",
        "version": "1.0",
        "writer": XMLStringWriter {
          "allowEmpty": false,
          "dontprettytextnodes": 0,
          "indent": "",
          "newline": "",
          "newlinedefault": "",
          "offset": 0,
          "pretty": false,
          "prettydefault": false,
          "spacebeforeslash": "",
        },
      },
      "parent": null,
      "rootObject": [Circular],
      "stringify": XMLStringifier {
        "assertLegalChar": [Function],
        "noDoubleEncoding": undefined,
      },
    },
    "stringify": XMLStringifier {
      "assertLegalChar": [Function],
      "noDoubleEncoding": undefined,
    },
  },
  "stringify": XMLStringifier {
    "assertLegalChar": [Function],
    "noDoubleEncoding": undefined,
  },
}
`;

exports[`yml function \`end\` method should create and immidiately print YML 1`] = `
"<?xml version=\\"1.0\\" encoding=\\"UTF-8\\"?>
<yml_catalog date=\\"2017-09-07 00:00\\">
  <shop>
    <name>BestSeller</name>
    <company>Tne Best inc.</company>
    <url>http://best.seller.ru</url>
  </shop>
</yml_catalog>"
`;

exports[`yml function should pass valid input and return methods 1`] = `
Object {
  "create": [Function],
  "end": [Function],
}
`;

exports[`yml function should throw validation error on wrong input 1`] = `"[tcomb] Invalid value undefined supplied to YML/company: String"`;

exports[`yml function should work correctly with max input 1`] = `
"<?xml version=\\"1.0\\" encoding=\\"UTF-8\\"?>
<yml_catalog date=\\"2017-09-07 00:00\\">
  <shop>
    <name>BestSeller</name>
    <company>Tne Best inc.</company>
    <url>http://best.seller.ru</url>
    <platform>Wordpress</platform>
    <version>1</version>
    <agency>How knows</agency>
    <email>example@example.com</email>
    <currencies>
      <currency id=\\"RUR\\" rate=\\"1\\"/>
      <currency id=\\"USD\\" rate=\\"CBRF\\"/>
    </currencies>
    <categories>
      <category id=\\"1\\">Бытовая техника</category>
      <category id=\\"10\\" parentId=\\"1\\">Мелкая техника для кухни</category>
      <category id=\\"101\\" parentId=\\"10\\">Сэндвичницы и приборы для выпечки</category>
      <category id=\\"102\\" parentId=\\"10\\">Мороженицы</category>
    </categories>
    <delivery-options>
      <option cost=\\"300\\" days=\\"1-20\\" order-before=\\"12\\"/>
    </delivery-options>
    <cpa>0</cpa>
    <adult>true</adult>
    <offers>
      <offer id=\\"1\\" available=\\"true\\" bid=\\"20\\" cbid=\\"50\\" fee=\\"10\\" group_id=\\"13\\">
        <name>Вафельница First FA-5300</name>
        <model>First FA-5300</model>
        <vendor>First</vendor>
        <vendorCode>A1234567B</vendorCode>
        <url>http://best.seller.ru/product_page.asp?pid=12348</url>
        <price from=\\"true\\">1500</price>
        <oldprice>1200</oldprice>
        <currencyId>RUB</currencyId>
        <categoryId>101</categoryId>
        <picture>http://best.seller.ru/img/large_12348.jpg</picture>
        <store>true</store>
        <pickup>true</pickup>
        <delivery>true</delivery>
        <outlets>
          <outlet id=\\"205\\" instock=\\"20\\" booking=\\"true\\"/>
        </outlets>
        <delivery-options>
          <option cost=\\"900\\" days=\\"1-20\\" order-before=\\"6\\"/>
        </delivery-options>
        <description>
          <![CDATA[
        <p>Отличный подарок для любителей венских вафель.</p>
      ]]>
        </description>
        <sales_notes>Необходима предоплата.</sales_notes>
        <min-quantity>1</min-quantity>
        <step-quantity>1</step-quantity>
        <manufacturer_warranty>true</manufacturer_warranty>
        <country_of_origin>Австралия</country_of_origin>
        <adult>true</adult>
        <age unit=\\"year\\">12</age>
        <barcode>0156789012</barcode>
        <cpa>0</cpa>
        <param name=\\"Размер экрана\\" unit=\\"дюйм\\">27</param>
        <param name=\\"Материал\\">алюминий</param>
        <expiry>2017-09-12T12:00</expiry>
        <weight>50</weight>
        <dimensions>10/20/30</dimensions>
        <downloadable>true</downloadable>
        <rec>123,456</rec>
        <vat>2</vat>
        <collectionId>123</collectionId>
      </offer>
      <offer type=\\"vendor.model\\" id=\\"1\\" available=\\"true\\" bid=\\"20\\" cbid=\\"50\\" fee=\\"10\\" group_id=\\"13\\">
        <typePrefix>Вафельница</typePrefix>
        <model>First FA-5300</model>
        <vendor>First</vendor>
        <vendorCode>A1234567B</vendorCode>
        <url>http://best.seller.ru/product_page.asp?pid=12348</url>
        <price from=\\"true\\">1500</price>
        <oldprice>1200</oldprice>
        <currencyId>RUB</currencyId>
        <categoryId>101</categoryId>
        <picture>http://best.seller.ru/img/large_12348.jpg</picture>
        <store>true</store>
        <pickup>true</pickup>
        <delivery>true</delivery>
        <outlets>
          <outlet id=\\"205\\" instock=\\"20\\" booking=\\"true\\"/>
        </outlets>
        <delivery-options>
          <option cost=\\"900\\" days=\\"1-20\\" order-before=\\"6\\"/>
        </delivery-options>
        <description>
          <![CDATA[
        <p>Отличный подарок для любителей венских вафель.</p>
      ]]>
        </description>
        <sales_notes>Необходима предоплата.</sales_notes>
        <min-quantity>1</min-quantity>
        <step-quantity>1</step-quantity>
        <manufacturer_warranty>true</manufacturer_warranty>
        <country_of_origin>Австралия</country_of_origin>
        <adult>true</adult>
        <age unit=\\"year\\">12</age>
        <barcode>0156789012</barcode>
        <cpa>0</cpa>
        <param name=\\"Размер экрана\\" unit=\\"дюйм\\">27</param>
        <param name=\\"Материал\\">алюминий</param>
        <expiry>2017-09-12T12:00</expiry>
        <weight>50</weight>
        <dimensions>10/20/30</dimensions>
        <downloadable>true</downloadable>
        <rec>123,456</rec>
        <vat>2</vat>
        <collectionId>321</collectionId>
      </offer>
    </offers>
    <collections>
      <collection id=\\"123\\">
        <name>test-collection1</name>
        <url>http://best.seller.ru/test-collection1</url>
        <picture>http://best.seller.ru/img/large_123.jpg</picture>
        <description>
          <![CDATA[
      <p>Some text.</p>
    ]]>
        </description>
      </collection>
      <collection id=\\"321\\">
        <name>test-collection2</name>
        <url>http://best.seller.ru/test-collection2</url>
        <picture>http://best.seller.ru/img/large_321.jpg</picture>
        <description>
          <![CDATA[
      <p>Some text.</p>
    ]]>
        </description>
      </collection>
    </collections>
  </shop>
</yml_catalog>"
`;

exports[`yml function should work correctly with min input 1`] = `
"<?xml version=\\"1.0\\" encoding=\\"UTF-8\\"?>
<yml_catalog date=\\"2017-09-07 00:00\\">
  <shop>
    <name>BestSeller</name>
    <company>Tne Best inc.</company>
    <url>http://best.seller.ru</url>
    <currencies>
      <currency id=\\"RUR\\" rate=\\"1\\"/>
    </currencies>
    <categories>
      <category id=\\"1\\">Бытовая техника</category>
    </categories>
    <delivery-options>
      <option cost=\\"300\\" days=\\"1-20\\" order-before=\\"12\\"/>
    </delivery-options>
    <offers>
      <offer id=\\"12346\\">
        <name>Вафельница First FA-5300</name>
        <price>1490</price>
        <currencyId>RUR</currencyId>
        <categoryId>101</categoryId>
        <collectionId>123</collectionId>
      </offer>
    </offers>
    <collections>
      <collection id=\\"123\\">
        <name>test-collection1</name>
        <url>http://best.seller.ru/test-collection1</url>
        <picture>http://best.seller.ru/img/large_123.jpg</picture>
        <description>
          <![CDATA[
      <p>Some text.</p>
    ]]>
        </description>
      </collection>
    </collections>
  </shop>
</yml_catalog>"
`;
